[themewagon.github.io/UpConstruction/index.html]
[backblue.gif]
[fade.gif]
[index.html]
[themewagon.github.io/UpConstruction/assets/img/favicon.png]
[themewagon.github.io/UpConstruction/assets/img/apple-touch-icon.png]
[themewagon.github.io/UpConstruction/assets/vendor/bootstrap/css/bootstrap.min.css]
[themewagon.github.io/UpConstruction/assets/vendor/bootstrap-icons/bootstrap-icons.css]
[themewagon.github.io/UpConstruction/assets/vendor/fontawesome-free/css/all.min.css]
[themewagon.github.io/UpConstruction/assets/vendor/aos/aos.css]
[themewagon.github.io/UpConstruction/assets/vendor/glightbox/css/glightbox.min.css]
[themewagon.github.io/UpConstruction/assets/vendor/swiper/swiper-bundle.min.css]
[themewagon.github.io/UpConstruction/assets/css/main.css]
[themewagon.github.io/UpConstruction/about.html]
[themewagon.github.io/UpConstruction/services.html]
[themewagon.github.io/UpConstruction/projects.html]
[themewagon.github.io/UpConstruction/blog.html]
[themewagon.github.io/UpConstruction/contact.html]
[themewagon.github.io/UpConstruction/assets/img/hero-carousel/hero-carousel-1.jpg]
[themewagon.github.io/UpConstruction/assets/img/hero-carousel/hero-carousel-2.jpg]
[themewagon.github.io/UpConstruction/assets/img/hero-carousel/hero-carousel-3.jpg]
[themewagon.github.io/UpConstruction/assets/img/hero-carousel/hero-carousel-4.jpg]
[themewagon.github.io/UpConstruction/assets/img/hero-carousel/hero-carousel-5.jpg]
[themewagon.github.io/UpConstruction/assets/img/constructions-1.jpg]
[themewagon.github.io/UpConstruction/assets/img/constructions-2.jpg]
[themewagon.github.io/UpConstruction/assets/img/constructions-3.jpg]
[themewagon.github.io/UpConstruction/assets/img/constructions-4.jpg]
[themewagon.github.io/UpConstruction/service-details.html]
[themewagon.github.io/UpConstruction/assets/img/alt-services.jpg]
[themewagon.github.io/UpConstruction/assets/img/features-1.jpg]
[themewagon.github.io/UpConstruction/assets/img/features-2.jpg]
[themewagon.github.io/UpConstruction/assets/img/features-3.jpg]
[themewagon.github.io/UpConstruction/assets/img/features-4.jpg]
[themewagon.github.io/UpConstruction/assets/img/projects/remodeling-1.jpg]
[themewagon.github.io/UpConstruction/project-details.html]
[themewagon.github.io/UpConstruction/assets/img/projects/construction-1.jpg]
[themewagon.github.io/UpConstruction/assets/img/projects/repairs-1.jpg]
[themewagon.github.io/UpConstruction/assets/img/projects/design-1.jpg]
[themewagon.github.io/UpConstruction/assets/img/projects/remodeling-2.jpg]
[themewagon.github.io/UpConstruction/assets/img/projects/construction-2.jpg]
[themewagon.github.io/UpConstruction/assets/img/projects/repairs-2.jpg]
[themewagon.github.io/UpConstruction/assets/img/projects/design-2.jpg]
[themewagon.github.io/UpConstruction/assets/img/projects/remodeling-3.jpg]
[themewagon.github.io/UpConstruction/assets/img/projects/construction-3.jpg]
[themewagon.github.io/UpConstruction/assets/img/projects/repairs-3.jpg]
[themewagon.github.io/UpConstruction/assets/img/projects/design-3.jpg]
[themewagon.github.io/UpConstruction/assets/img/testimonials/testimonials-1.jpg]
[themewagon.github.io/UpConstruction/assets/img/testimonials/testimonials-2.jpg]
[themewagon.github.io/UpConstruction/assets/img/testimonials/testimonials-3.jpg]
[themewagon.github.io/UpConstruction/assets/img/testimonials/testimonials-4.jpg]
[themewagon.github.io/UpConstruction/assets/img/testimonials/testimonials-5.jpg]
[themewagon.github.io/UpConstruction/assets/img/blog/blog-1.jpg]
[themewagon.github.io/UpConstruction/blog-details.html]
[themewagon.github.io/UpConstruction/assets/img/blog/blog-2.jpg]
[themewagon.github.io/UpConstruction/assets/img/blog/blog-3.jpg]
[themewagon.github.io/UpConstruction/assets/vendor/bootstrap/js/bootstrap.bundle.min.js]
[themewagon.github.io/UpConstruction/assets/vendor/aos/aos.js]
[themewagon.github.io/UpConstruction/assets/vendor/glightbox/js/glightbox.min.js]
[themewagon.github.io/UpConstruction/assets/vendor/isotope-layout/isotope.pkgd.min.js]
[themewagon.github.io/UpConstruction/assets/vendor/swiper/swiper-bundle.min.js]
[themewagon.github.io/UpConstruction/assets/vendor/purecounter/purecounter_vanilla.js]
[themewagon.github.io/UpConstruction/assets/vendor/php-email-form/validate.js]
[themewagon.github.io/UpConstruction/assets/js/main.js]
[themewagon.github.io/UpConstruction/index.html]
[themewagon.github.io/UpConstruction/assets/vendor/bootstrap/css/bootstrap.min.css]
[themewagon.github.io/UpConstruction/assets/vendor/bootstrap-icons/fonts/bootstrap-iconsbf04.woff2]
[themewagon.github.io/UpConstruction/assets/vendor/bootstrap-icons/fonts/bootstrap-iconsbf04.woff]
[themewagon.github.io/UpConstruction/assets/vendor/bootstrap-icons/bootstrap-icons.css]
[themewagon.github.io/UpConstruction/assets/vendor/fontawesome-free/webfonts/fa-brands-400.woff2]
[themewagon.github.io/UpConstruction/assets/vendor/fontawesome-free/webfonts/fa-brands-400.ttf]
[themewagon.github.io/UpConstruction/assets/vendor/fontawesome-free/webfonts/fa-regular-400.woff2]
[themewagon.github.io/UpConstruction/assets/vendor/fontawesome-free/webfonts/fa-regular-400.ttf]
[themewagon.github.io/UpConstruction/assets/vendor/fontawesome-free/webfonts/fa-solid-900.woff2]
[themewagon.github.io/UpConstruction/assets/vendor/fontawesome-free/webfonts/fa-solid-900.ttf]
[themewagon.github.io/UpConstruction/assets/vendor/fontawesome-free/webfonts/fa-v4compatibility.woff2]
[themewagon.github.io/UpConstruction/assets/vendor/fontawesome-free/webfonts/fa-v4compatibility.ttf]
[themewagon.github.io/UpConstruction/assets/vendor/fontawesome-free/css/all.min.css]
[themewagon.github.io/UpConstruction/assets/vendor/aos/aos.css]
[themewagon.github.io/UpConstruction/assets/vendor/glightbox/css/glightbox.min.css]
[themewagon.github.io/UpConstruction/assets/vendor/swiper/swiper-bundle.min.css]
[themewagon.github.io/UpConstruction/assets/img/footer-bg.jpg]
[themewagon.github.io/UpConstruction/assets/css/main.css]
[themewagon.github.io/UpConstruction/assets/img/breadcrumbs-bg.jpg]
[themewagon.github.io/UpConstruction/assets/img/about.jpg]
[themewagon.github.io/UpConstruction/assets/img/alt-services-2.jpg]
[themewagon.github.io/UpConstruction/assets/img/team/team-1.jpg]
[themewagon.github.io/UpConstruction/assets/img/team/team-2.jpg]
[themewagon.github.io/UpConstruction/assets/img/team/team-3.jpg]
[themewagon.github.io/UpConstruction/assets/img/team/team-4.jpg]
[themewagon.github.io/UpConstruction/assets/img/team/team-5.jpg]
[themewagon.github.io/UpConstruction/assets/img/team/team-6.jpg]
[themewagon.github.io/UpConstruction/about.html]
[themewagon.github.io/UpConstruction/services.html]
[themewagon.github.io/UpConstruction/projects.html]
[themewagon.github.io/UpConstruction/assets/img/blog/blog-4.jpg]
[themewagon.github.io/UpConstruction/assets/img/blog/blog-5.jpg]
[themewagon.github.io/UpConstruction/assets/img/blog/blog-6.jpg]
[themewagon.github.io/UpConstruction/blog.html]
[themewagon.github.io/UpConstruction/contact.html]
[themewagon.github.io/UpConstruction/assets/img/services.jpg]
[themewagon.github.io/UpConstruction/service-details.html]
[themewagon.github.io/UpConstruction/project-details.html]
[themewagon.github.io/UpConstruction/assets/img/blog/blog-inside-post.jpg]
[themewagon.github.io/UpConstruction/assets/img/blog/blog-author.jpg]
[themewagon.github.io/UpConstruction/assets/img/blog/comments-1.jpg]
[themewagon.github.io/UpConstruction/assets/img/blog/comments-2.jpg]
[themewagon.github.io/UpConstruction/assets/img/blog/comments-3.jpg]
[themewagon.github.io/UpConstruction/assets/img/blog/comments-4.jpg]
[themewagon.github.io/UpConstruction/assets/img/blog/comments-5.jpg]
[themewagon.github.io/UpConstruction/assets/img/blog/comments-6.jpg]
[themewagon.github.io/UpConstruction/assets/img/blog/blog-recent-1.jpg]
[themewagon.github.io/UpConstruction/assets/img/blog/blog-recent-2.jpg]
[themewagon.github.io/UpConstruction/assets/img/blog/blog-recent-3.jpg]
[themewagon.github.io/UpConstruction/assets/img/blog/blog-recent-4.jpg]
[themewagon.github.io/UpConstruction/assets/img/blog/blog-recent-5.jpg]
[themewagon.github.io/UpConstruction/blog-details.html]
